// Jest Snapshot v1, https://goo.gl/fbAQLP

exports[`MovieDetails renders correctly 1`] = `
<div>
  <div
    class="container"
  >
    <div />
    ;
  </div>
</div>
`;
